// Jest Snapshot v1, https://goo.gl/fbAQLP

exports[`Loads hpe theme 1`] = `
Object {
  "anchor": Object {
    "color": Object {
      "dark": "#FFFFFF",
      "light": "#000000",
    },
    "textDecoration": "underline",
  },
  "button": Object {
    "border": Object {
      "radius": "0px",
    },
    "colors": Object {
      "accent": "#ff8d6d",
      "secondary": "rgba(51,51,51,0.6)",
    },
    "extend": "letter-spacing: 0.04167em;",
  },
  "checkBox": Object {
    "icon": Object {
      "extend": Array [
        "
        box-sizing: border-box;
        position: absolute;
        top: 0px;
        left: 0px;
        width: ",
        [Function],
        ";
        height: ",
        [Function],
        ";
      ",
      ],
    },
  },
  "clock": Object {
    "analog": Object {
      "second": Object {
        "color": Object {
          "dark": "#01a982",
          "light": "#01a982",
        },
      },
    },
  },
  "global": Object {
    "colors": Object {
      "accent-1": "#2AD2C9",
      "accent-2": "#614767",
      "accent-3": "#ff8d6d",
      "brand": "#01a982",
      "focus": "#2AD2C9",
      "neutral-1": "#425563",
      "neutral-2": "#5F7A76",
      "neutral-3": "#80746E",
      "neutral-4": "#767676",
      "status-critical": "#F04953",
      "status-disabled": "#CCCCCC",
      "status-error": "#F04953",
      "status-ok": "#01a982",
      "status-unknown": "#CCCCCC",
      "status-warning": "#FFD144",
    },
    "font": Object {
      "face": "
        @font-face {
          font-family: \\"Metric\\";
          src: url(\\"https://hpefonts.s3.amazonaws.com/web/MetricHPE-Web-Regular.woff\\") format('woff');
        }

        @font-face {
          font-family: \\"Metric\\";
          src: url(\\"https://hpefonts.s3.amazonaws.com/web/MetricHPE-Web-Bold.woff\\") format('woff');
          font-weight: 700;
        }

        @font-face {
          font-family: \\"Metric\\";
          src: url(\\"https://hpefonts.s3.amazonaws.com/web/MetricHPE-Web-Semibold.woff\\") format('woff');
          font-weight: 600;
        }

        @font-face {
          font-family: \\"Metric\\";
          src: url(\\"https://hpefonts.s3.amazonaws.com/web/MetricHPE-Web-Light.woff\\") format('woff');
          font-weight: 100;
        }
      ",
      "family": "'Metric', Arial, sans-serif",
    },
  },
  "icon": Object {
    "colors": Object {
      "accent-1": "#2AD2C9",
      "accent-2": "#614767",
      "accent-3": "#ff8d6d",
      "brand": "#01a982",
      "focus": "#2AD2C9",
      "neutral-1": "#425563",
      "neutral-2": "#5F7A76",
      "neutral-3": "#80746E",
      "neutral-4": "#767676",
      "status-critical": "#F04953",
      "status-disabled": "#CCCCCC",
      "status-error": "#F04953",
      "status-ok": "#01a982",
      "status-unknown": "#CCCCCC",
      "status-warning": "#FFD144",
    },
  },
}
`;
